
> my-app@0.0.0 build
> tsc -b && vite build

[36mvite v7.3.1 [32mbuilding client environment for production...[36m[39m
transforming...
[32mΓ£ô[39m 1825 modules transformed.
node.exe : [31mΓ£ù[39m 
Build failed in 6.59s
At line:1 char:1
+ & "C:\Program 
Files\nodejs/node.exe" "C:
\Users\Tommie-YV\AppData\R
oam ...
+ ~~~~~~~~~~~~~~~~~~~~~~~~
~~~~~~~~~~~~~~~~~~~~~~~~~~
~~~~~~~~~~~~~~~~~~~
    + CategoryInfo        
      : NotSpecified: (  
  [31mΓ£ù[39m Build fa   
 iled in 6.59s:String)    
 [], RemoteException
    + FullyQualifiedError 
   Id : NativeCommandErr  
  or
 
[31merror during build:
[31mCould not resolve 
"./StudentDashboard.css" 
from "src/features/student
/StudentDashboard.tsx"[31
m
file: [36mC:/Users/Tommie
-YV/edunexus/frontend/src/
features/student/StudentDa
shboard.tsx[31m
    at getRollupError (fil
e:///C:/Users/Tommie-YV/ed
unexus/frontend/node_modul
es/rollup/dist/es/shared/p
arseAst.js:402:41)
    at error (file:///C:/U
sers/Tommie-YV/edunexus/fr
ontend/node_modules/rollup
/dist/es/shared/parseAst.j
s:398:42)
    at ModuleLoader.handle
InvalidResolvedId (file://
/C:/Users/Tommie-YV/edunex
us/frontend/node_modules/r
ollup/dist/es/shared/node-
entry.js:21687:24)
    at file:///C:/Users/To
mmie-YV/edunexus/frontend/
node_modules/rollup/dist/e
s/shared/node-entry.js:216
47:26[39m
