
[1m[46m RUN [49m[22m [36mv4.1.0 [39m[90mC:/Users/Tommie-YV/edunexus/frontend[39m

 [31m├ù[39m src/features/auth/__tests__/LoginPage.test.tsx[2m > [22mLoginPage[2m > [22mrenders email and password inputs[32m 58[2mms[22m[39m
[31m   ΓåÆ useAuth must be used within an AuthProvider[39m
 [31m├ù[39m src/features/auth/__tests__/LoginPage.test.tsx[2m > [22mLoginPage[2m > [22mrenders login button[32m 6[2mms[22m[39m
[31m   ΓåÆ useAuth must be used within an AuthProvider[39m
 [31m├ù[39m src/features/auth/__tests__/LoginPage.test.tsx[2m > [22mLoginPage[2m > [22mshows validation error for empty submit[32m 6[2mms[22m[39m
[31m   ΓåÆ useAuth must be used within an AuthProvider[39m
node.exe : 
At line:1 char:1
+ & "C:\Program 
Files\nodejs/node.exe" 
"C:\Users\Tommie-YV\App
Data\Roam ...
+ ~~~~~~~~~~~~~~~~~~~~~
~~~~~~~~~~~~~~~~~~~~~~~
~~~~~~~~~~~~~~~~~~~~~~~
~~
    + CategoryInfo     
         : NotSpecifi  
  ed: (:String) [],    
 RemoteException
    + FullyQualifiedEr 
   rorId : NativeComm  
  andError
 
[31mΓÄ»ΓÄ»ΓÄ»ΓÄ»ΓÄ»ΓÄ»
ΓÄ»[39m[1m[41m 
Failed Tests 3 [49m[2
2m[31mΓÄ»ΓÄ»ΓÄ»ΓÄ»ΓÄ»Γ
Ä»ΓÄ»[39m

[41m[1m FAIL 
[22m[49m src/features
/auth/__tests__/LoginPa
ge.test.tsx[2m > 
[22mLoginPage[2m > 
[22mrenders email and 
password inputs
[41m[1m FAIL 
[22m[49m src/features
/auth/__tests__/LoginPa
ge.test.tsx[2m > 
[22mLoginPage[2m > 
[22mrenders login 
button
[41m[1m FAIL 
[22m[49m src/features
/auth/__tests__/LoginPa
ge.test.tsx[2m > 
[22mLoginPage[2m > 
[22mshows validation 
error for empty submit
[31m[1mError[22m: 
useAuth must be used 
within an 
AuthProvider[39m
[36m [2mΓ¥»[22m 
useAuth src/contexts/Au
thContext.tsx:[2m379:1
1[22m[39m
    [90m377|[39m   
[35mconst[39m 
context [33m=[39m [3
4museContext[39m([33m
AuthContext[39m)[33m;
[39m
    [90m378|[39m   
[35mif[39m (context 
[33m===[39m 
undefined) {
    [90m379|[39m     
[35mthrow[39m 
[35mnew[39m [33mErro
r[39m([32m'useAuth 
must be used within an 
AuthProvider'[39m)[33
m;[39m
    [90m   |[39m     
      [31m^[39m
    [90m380|[39m   }
    [90m381|[39m   
[35mreturn[39m 
context[33m;[39m
[90m [2mΓ¥»[22m 
LoginPage src/features/
auth/LoginPage.tsx:[2m
16:39[22m[39m
[90m [2mΓ¥»[22m Obje
ct.react_stack_bottom_f
rame node_modules/react
-dom/cjs/react-dom-clie
nt.development.js:[2m2
5904:20[22m[39m
[90m [2mΓ¥»[22m 
renderWithHooks node_mo
dules/react-dom/cjs/rea
ct-dom-client.developme
nt.js:[2m7662:22[22m
[39m
[90m [2mΓ¥»[22m upda
teFunctionComponent nod
e_modules/react-dom/cjs
/react-dom-client.devel
opment.js:[2m10166:19
[22m[39m
[90m [2mΓ¥»[22m 
beginWork node_modules/
react-dom/cjs/react-dom
-client.development.js:
[2m11778:18[22m[39m
[90m [2mΓ¥»[22m 
runWithFiberInDEV node_
modules/react-dom/cjs/r
eact-dom-client.develop
ment.js:[2m874:13[22m
[39m
[90m [2mΓ¥»[22m 
performUnitOfWork node_
modules/react-dom/cjs/r
eact-dom-client.develop
ment.js:[2m17641:22[2
2m[39m
[90m [2mΓ¥»[22m 
workLoopSync node_modul
es/react-dom/cjs/react-
dom-client.development.
js:[2m17469:41[22m[3
9m
[90m [2mΓ¥»[22m 
renderRootSync node_mod
ules/react-dom/cjs/reac
t-dom-client.developmen
t.js:[2m17450:11[22m
[39m

[31m[2mΓÄ»ΓÄ»ΓÄ»ΓÄ»ΓÄ
»ΓÄ»ΓÄ»ΓÄ»ΓÄ»ΓÄ»ΓÄ»ΓÄ»Γ
Ä»ΓÄ»ΓÄ»ΓÄ»ΓÄ»ΓÄ»ΓÄ»ΓÄ»
ΓÄ»ΓÄ»ΓÄ»ΓÄ»[1/3]ΓÄ»[2
2m[39m


[2m Test Files [22m [1m[31m1 failed[39m[22m[90m (1)[39m
[2m      Tests [22m [1m[31m3 failed[39m[22m[90m (3)[39m
[2m   Start at [22m 15:09:58
[2m   Duration [22m 8.04s[2m (transform 560ms, setup 498ms, import 1.80s, tests 77ms, environment 4.59s)[22m

