src/features/student/StudentDashboard.tsx(899,7): error TS2552: Cannot find name 'setSavingProfile'. Did you mean 'isEditingProfile'?
src/features/student/StudentDashboard.tsx(908,7): error TS2552: Cannot find name 'setSavingProfile'. Did you mean 'isEditingProfile'?
