python : LiveKit 
credentials missing 
(Key: Missing, Secret: 
Missing). Running in 
mock mode.
At line:1 char:1
+ python -m pytest test
s/test_auth_integration
.py 
tests/test_admin_inte 
...
+ ~~~~~~~~~~~~~~~~~~~~~
~~~~~~~~~~~~~~~~~~~~~~~
~~~~~~~~~~~~~~~~~~~~~~~
~~
    + CategoryInfo     
         : NotSpecifi  
  ed: (LiveKit crede   
 nt...g in mock mod    
e.:String) [], Rem    
oteException
    + FullyQualifiedEr 
   rorId : NativeComm  
  andError
 
Traceback (most recent 
call last):
  File "C:\Users\Tommie
-YV\AppData\Roaming\Pyt
hon\Python314\site-pack
ages\_pytest\config\__i
nit__.py", line 879, 
in import_plugin
    
__import__(importspec)
    
~~~~~~~~~~^^^^^^^^^^^^
  File "C:\Users\Tommie
-YV\AppData\Roaming\Pyt
hon\Python314\site-pack
ages\_pytest\assertion\
rewrite.py", line 197, 
in exec_module
    exec(co, 
module.__dict__)
    ~~~~^^^^^^^^^^^^^^^
^^^^^^
  File "C:\Users\Tommie
-YV\edunexus\backend\te
sts\test_ai_coordinator
.py", line 10, in 
<module>
    from app.services.a
i_coordinator import (
    ...<2 lines>...
    )
ImportError: cannot 
import name 
'GroqService' from 'app
.services.ai_coordinato
r' (C:\Users\Tommie-YV\
edunexus\backend\app\se
rvices\ai_coordinator.p
y)

The above exception 
was the direct cause 
of the following 
exception:

Traceback (most recent 
call last):
  File "<frozen 
runpy>", line 198, in 
_run_module_as_main
  File "<frozen 
runpy>", line 88, in 
_run_code
  File "C:\Users\Tommie
-YV\AppData\Roaming\Pyt
hon\Python314\site-pack
ages\pytest\__main__.py
", line 9, in <module>
    raise SystemExit(py
test.console_main())
                     
~~~~~~~~~~~~~~~~~~~^^
  File "C:\Users\Tommie
-YV\AppData\Roaming\Pyt
hon\Python314\site-pack
ages\_pytest\config\__i
nit__.py", line 223, 
in console_main
    code = main()
  File "C:\Users\Tommie
-YV\AppData\Roaming\Pyt
hon\Python314\site-pack
ages\_pytest\config\__i
nit__.py", line 193, 
in main
    config = _prepareco
nfig(new_args, plugins)
  File "C:\Users\Tommie
-YV\AppData\Roaming\Pyt
hon\Python314\site-pack
ages\_pytest\config\__i
nit__.py", line 361, 
in _prepareconfig
    config: Config = pl
uginmanager.hook.pytest
_cmdline_parse(
                     ~~
~~~~~~~~~~~~~~~~~~~~~~~
~~~~~~~~~~~~~~^
        pluginmanager=p
luginmanager, args=args
        ^^^^^^^^^^^^^^^
^^^^^^^^^^^^^^^^^^^^^^^
    )
    ^
  File "C:\Users\Tommie
-YV\AppData\Roaming\Pyt
hon\Python314\site-pack
ages\pluggy\_hooks.py",
 line 512, in __call__
    return self._hookex
ec(self.name, self._hoo
kimpls.copy(), kwargs, 
firstresult)
           ~~~~~~~~~~~~
~~^^^^^^^^^^^^^^^^^^^^^
^^^^^^^^^^^^^^^^^^^^^^^
^^^^^^^^^^^^
  File "C:\Users\Tommie
-YV\AppData\Roaming\Pyt
hon\Python314\site-pack
ages\pluggy\_manager.py
", line 120, in 
_hookexec
    return self._inner_
hookexec(hook_name, 
methods, kwargs, 
firstresult)
           ~~~~~~~~~~~~
~~~~~~~~^^^^^^^^^^^^^^^
^^^^^^^^^^^^^^^^^^^^^^^
^^^
  File "C:\Users\Tommie
-YV\AppData\Roaming\Pyt
hon\Python314\site-pack
ages\pluggy\_callers.py
", line 167, in 
_multicall
    raise exception
  File "C:\Users\Tommie
-YV\AppData\Roaming\Pyt
hon\Python314\site-pack
ages\pluggy\_callers.py
", line 139, in 
_multicall
    teardown.throw(exce
ption)
    ~~~~~~~~~~~~~~^^^^^
^^^^^^
  File "C:\Users\Tommie
-YV\AppData\Roaming\Pyt
hon\Python314\site-pack
ages\_pytest\helpconfig
.py", line 124, in 
pytest_cmdline_parse
    config = yield
             ^^^^^
  File "C:\Users\Tommie
-YV\AppData\Roaming\Pyt
hon\Python314\site-pack
ages\pluggy\_callers.py
", line 121, in 
_multicall
    res = hook_impl.fun
ction(*args)
  File "C:\Users\Tommie
-YV\AppData\Roaming\Pyt
hon\Python314\site-pack
ages\_pytest\config\__i
nit__.py", line 1186, 
in pytest_cmdline_parse
    self.parse(args)
    ~~~~~~~~~~^^^^^^
  File "C:\Users\Tommie
-YV\AppData\Roaming\Pyt
hon\Python314\site-pack
ages\_pytest\config\__i
nit__.py", line 1556, 
in parse
    self.hook.pytest_lo
ad_initial_conftests(
    ~~~~~~~~~~~~~~~~~~~
~~~~~~~~~~~~~~~~~~~~^
        
early_config=self, 
args=args, 
parser=self._parser
        ^^^^^^^^^^^^^^^
^^^^^^^^^^^^^^^^^^^^^^^
^^^^^^^^^^^
    )
    ^
  File "C:\Users\Tommie
-YV\AppData\Roaming\Pyt
hon\Python314\site-pack
ages\pluggy\_hooks.py",
 line 512, in __call__
    return self._hookex
ec(self.name, self._hoo
kimpls.copy(), kwargs, 
firstresult)
           ~~~~~~~~~~~~
~~^^^^^^^^^^^^^^^^^^^^^
^^^^^^^^^^^^^^^^^^^^^^^
^^^^^^^^^^^^
  File "C:\Users\Tommie
-YV\AppData\Roaming\Pyt
hon\Python314\site-pack
ages\pluggy\_manager.py
", line 120, in 
_hookexec
    return self._inner_
hookexec(hook_name, 
methods, kwargs, 
firstresult)
           ~~~~~~~~~~~~
~~~~~~~~^^^^^^^^^^^^^^^
^^^^^^^^^^^^^^^^^^^^^^^
^^^
  File "C:\Users\Tommie
-YV\AppData\Roaming\Pyt
hon\Python314\site-pack
ages\pluggy\_callers.py
", line 167, in 
_multicall
    raise exception
  File "C:\Users\Tommie
-YV\AppData\Roaming\Pyt
hon\Python314\site-pack
ages\pluggy\_callers.py
", line 139, in 
_multicall
    teardown.throw(exce
ption)
    ~~~~~~~~~~~~~~^^^^^
^^^^^^
  File "C:\Users\Tommie
-YV\AppData\Roaming\Pyt
hon\Python314\site-pack
ages\_pytest\warnings.p
y", line 128, in pytest
_load_initial_conftests
    return (yield)
            ^^^^^
  File "C:\Users\Tommie
-YV\AppData\Roaming\Pyt
hon\Python314\site-pack
ages\pluggy\_callers.py
", line 139, in 
_multicall
    teardown.throw(exce
ption)
    ~~~~~~~~~~~~~~^^^^^
^^^^^^
  File "C:\Users\Tommie
-YV\AppData\Roaming\Pyt
hon\Python314\site-pack
ages\_pytest\capture.py
", line 173, in pytest_
load_initial_conftests
    yield
  File "C:\Users\Tommie
-YV\AppData\Roaming\Pyt
hon\Python314\site-pack
ages\pluggy\_callers.py
", line 121, in 
_multicall
    res = hook_impl.fun
ction(*args)
  File "C:\Users\Tommie
-YV\AppData\Roaming\Pyt
hon\Python314\site-pack
ages\_pytest\config\__i
nit__.py", line 1270, 
in pytest_load_initial_
conftests
    self.pluginmanager.
_set_initial_conftests(
    ~~~~~~~~~~~~~~~~~~~
~~~~~~~~~~~~~~~~~~~~~~^
        args=args,
        ^^^^^^^^^^
    ...<8 lines>...
        ),
        ^^
    )
    ^
  File "C:\Users\Tommie
-YV\AppData\Roaming\Pyt
hon\Python314\site-pack
ages\_pytest\config\__i
nit__.py", line 602, 
in 
_set_initial_conftests
    self._try_load_conf
test(
    ~~~~~~~~~~~~~~~~~~~
~~~~^
        anchor,
        ^^^^^^^
    ...<2 lines>...
        consider_namesp
ace_packages=consider_n
amespace_packages,
        ^^^^^^^^^^^^^^^
^^^^^^^^^^^^^^^^^^^^^^^
^^^^^^^^^^^^^^^^^^
    )
    ^
  File "C:\Users\Tommie
-YV\AppData\Roaming\Pyt
hon\Python314\site-pack
ages\_pytest\config\__i
nit__.py", line 640, 
in _try_load_conftest
    self._loadconftestm
odules(
    ~~~~~~~~~~~~~~~~~~~
~~~~~~^
        anchor,
        ^^^^^^^
    ...<2 lines>...
        consider_namesp
ace_packages=consider_n
amespace_packages,
        ^^^^^^^^^^^^^^^
^^^^^^^^^^^^^^^^^^^^^^^
^^^^^^^^^^^^^^^^^^
    )
    ^
  File "C:\Users\Tommie
-YV\AppData\Roaming\Pyt
hon\Python314\site-pack
ages\_pytest\config\__i
nit__.py", line 680, 
in _loadconftestmodules
    mod = 
self._importconftest(
        conftestpath,
    ...<2 lines>...
        consider_namesp
ace_packages=consider_n
amespace_packages,
    )
  File "C:\Users\Tommie
-YV\AppData\Roaming\Pyt
hon\Python314\site-pack
ages\_pytest\config\__i
nit__.py", line 756, 
in _importconftest
    self.consider_conft
est(mod, registration_n
ame=conftestpath_plugin
_name)
    ~~~~~~~~~~~~~~~~~~~
~~~^^^^^^^^^^^^^^^^^^^^
^^^^^^^^^^^^^^^^^^^^^^^
^^^^^^
  File "C:\Users\Tommie
-YV\AppData\Roaming\Pyt
hon\Python314\site-pack
ages\_pytest\config\__i
nit__.py", line 837, 
in consider_conftest
    self.register(conft
estmodule, 
name=registration_name)
    ~~~~~~~~~~~~~^^^^^^
^^^^^^^^^^^^^^^^^^^^^^^
^^^^^^^^^^^
  File "C:\Users\Tommie
-YV\AppData\Roaming\Pyt
hon\Python314\site-pack
ages\_pytest\config\__i
nit__.py", line 533, 
in register
    self.consider_modul
e(plugin)
    ~~~~~~~~~~~~~~~~~~~
~^^^^^^^^
  File "C:\Users\Tommie
-YV\AppData\Roaming\Pyt
hon\Python314\site-pack
ages\_pytest\config\__i
nit__.py", line 845, 
in consider_module
    self._import_plugin
_specs(getattr(mod, 
"pytest_plugins", []))
    ~~~~~~~~~~~~~~~~~~~
~~~~~~^^^^^^^^^^^^^^^^^
^^^^^^^^^^^^^^^^^^^
  File "C:\Users\Tommie
-YV\AppData\Roaming\Pyt
hon\Python314\site-pack
ages\_pytest\config\__i
nit__.py", line 852, 
in _import_plugin_specs
    self.import_plugin(
import_spec)
    ~~~~~~~~~~~~~~~~~~^
^^^^^^^^^^^^
  File "C:\Users\Tommie
-YV\AppData\Roaming\Pyt
hon\Python314\site-pack
ages\_pytest\config\__i
nit__.py", line 881, 
in import_plugin
    raise ImportError(
        f'Error 
importing plugin 
"{modname}": 
{e.args[0]}'
    ).with_traceback(e.
__traceback__) from e
  File "C:\Users\Tommie
-YV\AppData\Roaming\Pyt
hon\Python314\site-pack
ages\_pytest\config\__i
nit__.py", line 879, 
in import_plugin
    
__import__(importspec)
    
~~~~~~~~~~^^^^^^^^^^^^
  File "C:\Users\Tommie
-YV\AppData\Roaming\Pyt
hon\Python314\site-pack
ages\_pytest\assertion\
rewrite.py", line 197, 
in exec_module
    exec(co, 
module.__dict__)
    ~~~~^^^^^^^^^^^^^^^
^^^^^^
  File "C:\Users\Tommie
-YV\edunexus\backend\te
sts\test_ai_coordinator
.py", line 10, in 
<module>
    from app.services.a
i_coordinator import (
    ...<2 lines>...
    )
ImportError: Error 
importing plugin "tests
.test_ai_coordinator": 
cannot import name 
'GroqService' from 'app
.services.ai_coordinato
r' (C:\Users\Tommie-YV\
edunexus\backend\app\se
rvices\ai_coordinator.p
y)
